../Core/Src/main.c:74:6:PWM	8	static
../Core/Src/main.c:97:6:ADC_PWM_Control	16	static
../Core/Src/main.c:111:6:I2C_Test	8	static
../Core/Src/main.c:128:5:main	8	static
../Core/Src/main.c:179:6:SystemClock_Config	88	static
../Core/Src/main.c:226:13:MX_ADC1_Init	24	static
../Core/Src/main.c:278:13:MX_I2C1_Init	8	static
../Core/Src/main.c:312:13:MX_TIM3_Init	64	static
../Core/Src/main.c:371:13:MX_USART2_UART_Init	8	static
../Core/Src/main.c:404:13:MX_GPIO_Init	48	static
../Core/Src/main.c:446:6:Error_Handler	4	static,ignoring_inline_asm
