../Core/Src/main.c:75:6:I2C_Test	8	static
../Core/Src/main.c:85:6:BH1750_Start_Read	16	static
../Core/Src/main.c:106:6:BH1750_ReadLux	16	static
../Core/Src/main.c:114:6:BH1750_PWM_LED	8	static
../Core/Src/main.c:154:5:main	8	static
../Core/Src/main.c:207:6:SystemClock_Config	88	static
../Core/Src/main.c:254:13:MX_I2C1_Init	8	static
../Core/Src/main.c:288:13:MX_TIM3_Init	64	static
../Core/Src/main.c:347:13:MX_USART2_UART_Init	8	static
../Core/Src/main.c:380:13:MX_GPIO_Init	48	static
../Core/Src/main.c:422:6:Error_Handler	4	static,ignoring_inline_asm
